// Validating benchmarks:
// ***** BenchmarkRunner: Start   *****
// ***** Found 4 benchmark(s) in total *****
// ***** Building 1 exe(s) in Parallel: Start   *****
// ***** Done, took 00:00:00 (0.06 sec)   *****
// Found 4 benchmarks:
//   SpecificationBenchmarks.'Hand-written predicate': DefaultJob
//   SpecificationBenchmarks.'Specification compiled once, then invoked': DefaultJob
//   SpecificationBenchmarks.'Specification recompiled on every call': DefaultJob
//   SpecificationBenchmarks.'Compose four filters into one expression tree': DefaultJob

Setup power plan (GUID: 8c5e7fda-e8bf-4a96-9a85-a6e23a8c635c FriendlyName: High performance)
// Generate Exception: System.NotSupportedException: Unable to find Pinkterest.Benchmarks in C:\Users\Despot\source\repos\AADBDT\Pinkterest and its subfolders. Most probably the name of output exe is different than the name of the .(c/f)sproj
   at BenchmarkDotNet.Toolchains.CsProj.CsProjGenerator.GetProjectFilePath(Type benchmarkTarget, ILogger logger)
   at BenchmarkDotNet.Toolchains.CsProj.CsProjGenerator.GenerateProject(BuildPartition buildPartition, ArtifactsPaths artifactsPaths, ILogger logger)
   at BenchmarkDotNet.Toolchains.GeneratorBase.GenerateProject(BuildPartition buildPartition, ILogger logger, String rootArtifactsFolderPath)

// BenchmarkDotNet has failed to build the auto-generated boilerplate code.
// It can be found in C:\Users\Despot\source\repos\AADBDT\Pinkterest\Benchmarks\bin\Release\net10.0\Pinkterest.Benchmarks-DefaultJob-1
// Please follow the troubleshooting guide: https://benchmarkdotnet.org/articles/guides/troubleshooting.html

// ** Remained 0 (0.0%) benchmark(s) to run. Estimated finish 2026-08-06 21:29 (0h 0m from now) **
Successfully reverted power plan (GUID: 3ff9831b-6f80-4830-8178-736cd4229e7b FriendlyName: Revision - Ultra Performance)
// ***** BenchmarkRunner: Finish  *****

// * Export *
  BenchmarkDotNet.Artifacts\results\Pinkterest.Benchmarks.SpecificationBenchmarks-report.csv
  BenchmarkDotNet.Artifacts\results\Pinkterest.Benchmarks.SpecificationBenchmarks-report-github.md
  BenchmarkDotNet.Artifacts\results\Pinkterest.Benchmarks.SpecificationBenchmarks-report.html

// * Detailed results *
SpecificationBenchmarks.'Hand-written predicate': DefaultJob
Runtime = ; GC = 
There are not any results runs

// * Summary *

BenchmarkDotNet v0.15.8, Windows 11 (10.0.26100.1742/24H2/2024Update/HudsonValley)
11th Gen Intel Core i7-11700K 3.60GHz, 1 CPU, 16 logical and 8 physical cores
.NET SDK 10.0.302
  [Host] : .NET 10.0.10 (10.0.10, 10.0.1026.32716), X64 RyuJIT x86-64-v4


| Method                   | Mean | Error | Ratio | RatioSD | Alloc Ratio |
|------------------------- |-----:|------:|------:|--------:|------------:|
| 'Hand-written predicate' |   NA |    NA |     ? |       ? |           ? |

Benchmarks with issues:
  SpecificationBenchmarks.'Hand-written predicate': DefaultJob

// * Warnings *
BaselineCustomAnalyzer
  Summary -> A question mark '?' symbol indicates that it was not possible to compute the (Ratio, RatioSD, Alloc Ratio) column(s) because the baseline or benchmark could not be found, or the baseline value is too close to zero.

// * Legends *
  Mean        : Arithmetic mean of all measurements
  Error       : Half of 99.9% confidence interval
  Ratio       : Mean of the ratio distribution ([Current]/[Baseline])
  RatioSD     : Standard deviation of the ratio distribution ([Current]/[Baseline])
  Alloc Ratio : Allocated memory ratio distribution ([Current]/[Baseline])
  1 ns        : 1 Nanosecond (0.000000001 sec)

// * Diagnostic Output - MemoryDiagnoser *


// ***** BenchmarkRunner: End *****
Run time: 00:00:00 (0.29 sec), executed benchmarks: 0

Global total time: 00:00:00 (0.77 sec), executed benchmarks: 0
// * Artifacts cleanup *
Artifacts cleanup is finished
